<?xml version="1.0" encoding="utf-8"?>
<TestRun id="3c18f913-79d6-4425-9069-3307c1a15b00" name="camer@ILI 2026-02-18 01:28:44" runUser="ILI\camer" xmlns="http://microsoft.com/schemas/VisualStudio/TeamTest/2010">
  <Times creation="2026-02-18T01:28:44.7816432-05:00" queuing="2026-02-18T01:28:44.7816434-05:00" start="2026-02-18T01:28:43.0496457-05:00" finish="2026-02-18T01:28:44.8851836-05:00" />
  <TestSettings name="default" id="ae9e95b9-f9ee-4412-93b6-4ad19d988479">
    <Deployment runDeploymentRoot="camer_ILI_2026-02-18_01_28_44" />
  </TestSettings>
  <Results>
    <UnitTestResult executionId="9d24510e-5f1c-48ae-871c-7b7c40679299" testId="ecdc9ac4-3bf9-42d5-db13-8f7256dbe812" testName="FrontendUnitTests.Controllers.HazardDebugControllerTests.InjectEvents_WhenDebugModeDisabled_ReturnsForbid" computerName="ILI" duration="00:00:00.0006956" startTime="2026-02-18T01:28:43.5167635-05:00" endTime="2026-02-18T01:28:43.5167636-05:00" testType="13cdc9d9-ddb5-4fa4-a97d-d965ccfc6d4b" outcome="Passed" testListId="8c84fa94-04c1-424b-9868-57a2d4851a1d" relativeResultsDirectory="9d24510e-5f1c-48ae-871c-7b7c40679299" />
    <UnitTestResult executionId="652ec091-eff2-42bb-b334-249405fa1f54" testId="09a8e4c6-36a8-6ca7-c9f8-d0d3303efc44" testName="FrontendUnitTests.Controllers.HazardDebugControllerTests.GetSnapshot_RespectsMaxEventsAndOrdering" computerName="ILI" duration="00:00:00.0224052" startTime="2026-02-18T01:28:43.5139932-05:00" endTime="2026-02-18T01:28:43.5139933-05:00" testType="13cdc9d9-ddb5-4fa4-a97d-d965ccfc6d4b" outcome="Passed" testListId="8c84fa94-04c1-424b-9868-57a2d4851a1d" relativeResultsDirectory="652ec091-eff2-42bb-b334-249405fa1f54" />
    <UnitTestResult executionId="ff8a3e8d-9a24-47b0-bdd1-d6ade86c8f4b" testId="2f86bfd4-1500-d69c-3d71-f2c01dfc738a" testName="FrontendUnitTests.Services.RouteVisualizationServiceTests.AutoReroute_ShouldDetectUpcomingHotZone" computerName="ILI" duration="00:00:00.0017570" startTime="2026-02-18T01:28:44.7736000-05:00" endTime="2026-02-18T01:28:44.7736001-05:00" testType="13cdc9d9-ddb5-4fa4-a97d-d965ccfc6d4b" outcome="Passed" testListId="8c84fa94-04c1-424b-9868-57a2d4851a1d" relativeResultsDirectory="ff8a3e8d-9a24-47b0-bdd1-d6ade86c8f4b" />
    <UnitTestResult executionId="57a96cd8-5371-40ec-a8ec-290e21e7e0d5" testId="3a204b80-2a87-9a2d-2a40-5b0bcdf932da" testName="FrontendUnitTests.Services.RouteVisualizationServiceTests.Memory_Leak_StuckMarkers_ShouldNotGrowUnbounded" computerName="ILI" duration="00:00:00.0084344" startTime="2026-02-18T01:28:44.7979884-05:00" endTime="2026-02-18T01:28:44.7979885-05:00" testType="13cdc9d9-ddb5-4fa4-a97d-d965ccfc6d4b" outcome="Passed" testListId="8c84fa94-04c1-424b-9868-57a2d4851a1d" relativeResultsDirectory="57a96cd8-5371-40ec-a8ec-290e21e7e0d5">
      <Output>
        <StdOut>Initial memory: 1315 KB&#xD;
After 1000 markers: 1513 KB&#xD;
After clear: 1343 KB&#xD;
Memory growth: 27 KB (2.10%)</StdOut>
      </Output>
    </UnitTestResult>
    <UnitTestResult executionId="e1ac56b2-8dd8-4628-9424-a95bafc59bac" testId="790bab93-2727-4b65-7f1d-dc29d01242f7" testName="FrontendUnitTests.Services.RouteVisualizationServiceTests.EdgeCase_RapidEventSubscription_ShouldBeSafe" computerName="ILI" duration="00:00:00.0007347" startTime="2026-02-18T01:28:44.7622696-05:00" endTime="2026-02-18T01:28:44.7622697-05:00" testType="13cdc9d9-ddb5-4fa4-a97d-d965ccfc6d4b" outcome="Passed" testListId="8c84fa94-04c1-424b-9868-57a2d4851a1d" relativeResultsDirectory="e1ac56b2-8dd8-4628-9424-a95bafc59bac" />
    <UnitTestResult executionId="22a566a4-4896-4253-8636-793fdfe647b3" testId="61242fd6-d19d-a986-4bb4-053d4d91af48" testName="FrontendUnitTests.Services.RouteVisualizationServiceTests.EdgeCase_MaximumMarkers_ShouldHandleGracefully" computerName="ILI" duration="00:00:00.0086940" startTime="2026-02-18T01:28:44.7623168-05:00" endTime="2026-02-18T01:28:44.7623168-05:00" testType="13cdc9d9-ddb5-4fa4-a97d-d965ccfc6d4b" outcome="Passed" testListId="8c84fa94-04c1-424b-9868-57a2d4851a1d" relativeResultsDirectory="22a566a4-4896-4253-8636-793fdfe647b3">
      <Output>
        <StdOut>Created 10000 markers in 8ms</StdOut>
      </Output>
    </UnitTestResult>
    <UnitTestResult executionId="c98c72bc-8992-4f48-b08e-8681dc15f43e" testId="d8d11f12-77d8-1134-5980-3eb871b7bc1f" testName="FrontendUnitTests.Services.RouteVisualizationServiceTests.Functional_DeathMarkers_ShouldPersist" computerName="ILI" duration="00:00:00.0009109" startTime="2026-02-18T01:28:44.7621626-05:00" endTime="2026-02-18T01:28:44.7621626-05:00" testType="13cdc9d9-ddb5-4fa4-a97d-d965ccfc6d4b" outcome="Passed" testListId="8c84fa94-04c1-424b-9868-57a2d4851a1d" relativeResultsDirectory="c98c72bc-8992-4f48-b08e-8681dc15f43e" />
    <UnitTestResult executionId="59c44f5f-a1d7-408b-ae20-6b8b6847097c" testId="f0913536-86a8-4174-fcde-9e3dc716a2c8" testName="FrontendUnitTests.Services.RouteVisualizationServiceTests.Memory_ConcurrentOperations_ShouldBeStable" computerName="ILI" duration="00:00:00.0064617" startTime="2026-02-18T01:28:44.8045198-05:00" endTime="2026-02-18T01:28:44.8045199-05:00" testType="13cdc9d9-ddb5-4fa4-a97d-d965ccfc6d4b" outcome="Passed" testListId="8c84fa94-04c1-424b-9868-57a2d4851a1d" relativeResultsDirectory="59c44f5f-a1d7-408b-ae20-6b8b6847097c">
      <Output>
        <StdOut>Memory growth after clear: 6 KB (0.46%)</StdOut>
      </Output>
    </UnitTestResult>
    <UnitTestResult executionId="f6bf370c-53fb-4e9d-9279-7b2f66355a99" testId="88274193-ada0-fa65-0936-953536ee3e9c" testName="FrontendUnitTests.Services.RouteVisualizationServiceTests.AutoReroute_ShouldNotFlagZonesBehindPlayer" computerName="ILI" duration="00:00:00.0006015" startTime="2026-02-18T01:28:44.7621987-05:00" endTime="2026-02-18T01:28:44.7621988-05:00" testType="13cdc9d9-ddb5-4fa4-a97d-d965ccfc6d4b" outcome="Passed" testListId="8c84fa94-04c1-424b-9868-57a2d4851a1d" relativeResultsDirectory="f6bf370c-53fb-4e9d-9279-7b2f66355a99" />
    <UnitTestResult executionId="28c349ee-95c2-49ab-bcc4-f510c65a1714" testId="0d4a9432-edd0-4362-09f6-fdbd942e6814" testName="FrontendUnitTests.Controllers.PathDebugControllerTests.Compare_WhenDebugModeDisabled_Returns403" computerName="ILI" duration="00:00:00.0007718" startTime="2026-02-18T01:28:43.5096968-05:00" endTime="2026-02-18T01:28:43.5096968-05:00" testType="13cdc9d9-ddb5-4fa4-a97d-d965ccfc6d4b" outcome="Passed" testListId="8c84fa94-04c1-424b-9868-57a2d4851a1d" relativeResultsDirectory="28c349ee-95c2-49ab-bcc4-f510c65a1714" />
    <UnitTestResult executionId="1618d301-b596-4f18-93b7-17025a53ac86" testId="a0e3ab31-2aa4-33e0-43a7-5579d273a32e" testName="FrontendUnitTests.Controllers.HazardDebugControllerTests.GetKnownMaps_ReturnsCounts" computerName="ILI" duration="00:00:00.0019462" startTime="2026-02-18T01:28:43.5159922-05:00" endTime="2026-02-18T01:28:43.5159923-05:00" testType="13cdc9d9-ddb5-4fa4-a97d-d965ccfc6d4b" outcome="Passed" testListId="8c84fa94-04c1-424b-9868-57a2d4851a1d" relativeResultsDirectory="1618d301-b596-4f18-93b7-17025a53ac86" />
    <UnitTestResult executionId="b238492a-2aac-44e4-b201-c1c345bf4db8" testId="1f107fdf-240a-1762-bcaa-56e2fbcbed97" testName="FrontendUnitTests.Services.RouteVisualizationServiceTests.Functional_Cleanup_ShouldRemoveOldMarkers" computerName="ILI" duration="00:00:00.0021419" startTime="2026-02-18T01:28:44.7622380-05:00" endTime="2026-02-18T01:28:44.7622381-05:00" testType="13cdc9d9-ddb5-4fa4-a97d-d965ccfc6d4b" outcome="Passed" testListId="8c84fa94-04c1-424b-9868-57a2d4851a1d" relativeResultsDirectory="b238492a-2aac-44e4-b201-c1c345bf4db8" />
    <UnitTestResult executionId="89022ab0-ac4c-4845-98c5-24fe17ba1d65" testId="3ea0fb5e-5945-1173-c803-bca00261f95e" testName="FrontendUnitTests.Services.RouteVisualizationServiceTests.EdgeCase_LargeCoordinates_ShouldNotOverflow" computerName="ILI" duration="00:00:00.0004231" startTime="2026-02-18T01:28:44.7620403-05:00" endTime="2026-02-18T01:28:44.7620404-05:00" testType="13cdc9d9-ddb5-4fa4-a97d-d965ccfc6d4b" outcome="Passed" testListId="8c84fa94-04c1-424b-9868-57a2d4851a1d" relativeResultsDirectory="89022ab0-ac4c-4845-98c5-24fe17ba1d65" />
    <UnitTestResult executionId="31432922-53e3-4b11-97e2-4dc31bf1373e" testId="42c701ff-2213-9a97-61f5-04c3a93d9acc" testName="FrontendUnitTests.Services.RouteVisualizationServiceTests.Functional_StuckEvent_ShouldTriggerHandler" computerName="ILI" duration="00:00:00.0022485" startTime="2026-02-18T01:28:44.7623515-05:00" endTime="2026-02-18T01:28:44.7623515-05:00" testType="13cdc9d9-ddb5-4fa4-a97d-d965ccfc6d4b" outcome="Passed" testListId="8c84fa94-04c1-424b-9868-57a2d4851a1d" relativeResultsDirectory="31432922-53e3-4b11-97e2-4dc31bf1373e" />
    <UnitTestResult executionId="04689160-9ef2-4a09-8eb6-5b2458bebaff" testId="8f8e7948-0ff9-702a-4d8f-7f2f2e8ad507" testName="FrontendUnitTests.Services.RouteVisualizationServiceTests.Performance_ConcurrentAccess_ShouldMaintainThroughput" computerName="ILI" duration="00:00:01.2215236" startTime="2026-02-18T01:28:44.7384853-05:00" endTime="2026-02-18T01:28:44.7384854-05:00" testType="13cdc9d9-ddb5-4fa4-a97d-d965ccfc6d4b" outcome="Passed" testListId="8c84fa94-04c1-424b-9868-57a2d4851a1d" relativeResultsDirectory="04689160-9ef2-4a09-8eb6-5b2458bebaff">
      <Output>
        <StdOut>=== Concurrent Access Performance ===&#xD;
Total operations: 10000&#xD;
Threads: 8&#xD;
Time: 1.221s&#xD;
Throughput: 8191 ops/sec</StdOut>
      </Output>
    </UnitTestResult>
    <UnitTestResult executionId="7d6d9815-2b48-48c8-8d1e-2bebbd3a559e" testId="119f88b7-7af2-768f-2cac-3a1e32278430" testName="FrontendUnitTests.Services.RouteVisualizationServiceTests.ThreadSafety_ConcurrentAddRemove_ShouldBeSafe" computerName="ILI" duration="00:00:00.0169627" startTime="2026-02-18T01:28:44.7717581-05:00" endTime="2026-02-18T01:28:44.7717583-05:00" testType="13cdc9d9-ddb5-4fa4-a97d-d965ccfc6d4b" outcome="Passed" testListId="8c84fa94-04c1-424b-9868-57a2d4851a1d" relativeResultsDirectory="7d6d9815-2b48-48c8-8d1e-2bebbd3a559e" />
    <UnitTestResult executionId="b30d5895-caa2-4cd9-94a5-bc1da7f892c0" testId="ef97a723-b7eb-ef1b-a630-7a8184f802f9" testName="FrontendUnitTests.Controllers.HazardDebugControllerTests.GetSnapshot_RespectsMaxAgeFilter" computerName="ILI" duration="00:00:00.0004908" startTime="2026-02-18T01:28:43.5225487-05:00" endTime="2026-02-18T01:28:43.5225488-05:00" testType="13cdc9d9-ddb5-4fa4-a97d-d965ccfc6d4b" outcome="Passed" testListId="8c84fa94-04c1-424b-9868-57a2d4851a1d" relativeResultsDirectory="b30d5895-caa2-4cd9-94a5-bc1da7f892c0" />
    <UnitTestResult executionId="bf7603c2-3cbd-40fd-927d-23489d01a627" testId="b22aa6ce-6802-d1d6-5d2c-2c42390b3252" testName="FrontendUnitTests.Services.RouteVisualizationServiceTests.Performance_HotZoneQuery_ShouldBeFast" computerName="ILI" duration="00:00:00.0066020" startTime="2026-02-18T01:28:44.8114995-05:00" endTime="2026-02-18T01:28:44.8114997-05:00" testType="13cdc9d9-ddb5-4fa4-a97d-d965ccfc6d4b" outcome="Passed" testListId="8c84fa94-04c1-424b-9868-57a2d4851a1d" relativeResultsDirectory="bf7603c2-3cbd-40fd-927d-23489d01a627">
      <Output>
        <StdOut>=== Hot Zone Query Latency Histogram ===&#xD;
  0-1ms:   ####################################################################################################&#xD;
  1-5ms:   &#xD;
  5-10ms:  &#xD;
 10-25ms:  &#xD;
 25-50ms:  &#xD;
 50-100ms: &#xD;
100-150ms: &#xD;
150ms+:    &#xD;
&#xD;

P95: 0.00ms, Max: 0ms</StdOut>
      </Output>
    </UnitTestResult>
    <UnitTestResult executionId="63c376ca-f89c-4153-8b3b-a3d85fdba09b" testId="4f0b961d-1b75-191f-27b1-5513fd92ebc3" testName="FrontendUnitTests.Services.RouteVisualizationServiceTests.ThreadSafety_DisposeDuringActiveOperations_ShouldBeSafe" computerName="ILI" duration="00:00:00.0215805" startTime="2026-02-18T01:28:44.8429735-05:00" endTime="2026-02-18T01:28:44.8429736-05:00" testType="13cdc9d9-ddb5-4fa4-a97d-d965ccfc6d4b" outcome="Passed" testListId="8c84fa94-04c1-424b-9868-57a2d4851a1d" relativeResultsDirectory="63c376ca-f89c-4153-8b3b-a3d85fdba09b">
      <Output>
        <StdOut>Exceptions during disposal: 0</StdOut>
      </Output>
    </UnitTestResult>
    <UnitTestResult executionId="a98cc383-548d-4023-b6c8-0dfa5c7bce79" testId="af5ca2d8-074a-7583-346c-b2786bcab0a1" testName="FrontendUnitTests.Controllers.PathDebugControllerTests.Route_WhenDebugModeDisabled_Returns403" computerName="ILI" duration="00:00:00.0127901" startTime="2026-02-18T01:28:43.5069702-05:00" endTime="2026-02-18T01:28:43.5069896-05:00" testType="13cdc9d9-ddb5-4fa4-a97d-d965ccfc6d4b" outcome="Passed" testListId="8c84fa94-04c1-424b-9868-57a2d4851a1d" relativeResultsDirectory="a98cc383-548d-4023-b6c8-0dfa5c7bce79" />
    <UnitTestResult executionId="4c2123fb-a801-4ee8-b141-ad014a412467" testId="aef7d8d4-84c1-eee3-0959-1b10cd3d44e3" testName="FrontendUnitTests.Controllers.HazardDebugControllerTests.InjectAndCluster_WhenDebugModeEnabled_CreatesCluster" computerName="ILI" duration="00:00:00.0051900" startTime="2026-02-18T01:28:43.5219936-05:00" endTime="2026-02-18T01:28:43.5219937-05:00" testType="13cdc9d9-ddb5-4fa4-a97d-d965ccfc6d4b" outcome="Passed" testListId="8c84fa94-04c1-424b-9868-57a2d4851a1d" relativeResultsDirectory="4c2123fb-a801-4ee8-b141-ad014a412467" />
    <UnitTestResult executionId="465d7bd9-8167-43b9-a3aa-060b0ff2ba06" testId="1bd2bfd7-6c0e-0337-a1c8-d52dc5a8c57b" testName="FrontendUnitTests.Services.RouteVisualizationServiceTests.ThreadSafety_ConcurrentGridUpdates_ShouldBeAtomic" computerName="ILI" duration="00:00:00.0260618" startTime="2026-02-18T01:28:43.5170207-05:00" endTime="2026-02-18T01:28:43.5170208-05:00" testType="13cdc9d9-ddb5-4fa4-a97d-d965ccfc6d4b" outcome="Passed" testListId="8c84fa94-04c1-424b-9868-57a2d4851a1d" relativeResultsDirectory="465d7bd9-8167-43b9-a3aa-060b0ff2ba06">
      <Output>
        <StdOut>Total grid failures recorded: 10000</StdOut>
      </Output>
    </UnitTestResult>
    <UnitTestResult executionId="70320ab5-a74f-4818-907e-4cb8b61aa950" testId="0e90bf61-2469-7510-684f-5e24932035a8" testName="FrontendUnitTests.Services.RouteVisualizationServiceTests.ThreadSafety_ConcurrentFlashUpdates_ShouldNotCorruptState" computerName="ILI" duration="00:00:00.0073191" startTime="2026-02-18T01:28:44.8204121-05:00" endTime="2026-02-18T01:28:44.8204122-05:00" testType="13cdc9d9-ddb5-4fa4-a97d-d965ccfc6d4b" outcome="Passed" testListId="8c84fa94-04c1-424b-9868-57a2d4851a1d" relativeResultsDirectory="70320ab5-a74f-4818-907e-4cb8b61aa950" />
    <UnitTestResult executionId="cbd0e9f8-173b-4eb9-90e7-c580d33cc1f3" testId="f97c051a-8741-491d-1f1f-93c36532d257" testName="FrontendUnitTests.Services.RouteVisualizationServiceTests.Performance_StuckMarkerCreation_LatencyShouldBeUnderThreshold" computerName="ILI" duration="00:00:00.0076787" startTime="2026-02-18T01:28:44.7894599-05:00" endTime="2026-02-18T01:28:44.7894600-05:00" testType="13cdc9d9-ddb5-4fa4-a97d-d965ccfc6d4b" outcome="Passed" testListId="8c84fa94-04c1-424b-9868-57a2d4851a1d" relativeResultsDirectory="cbd0e9f8-173b-4eb9-90e7-c580d33cc1f3">
      <Output>
        <StdOut>=== Stuck Marker Creation Latency Histogram ===&#xD;
  0-1ms:   ####################################################################################################&#xD;
  1-5ms:   &#xD;
  5-10ms:  &#xD;
 10-25ms:  &#xD;
 25-50ms:  &#xD;
 50-100ms: &#xD;
100-150ms: &#xD;
150ms+:    &#xD;
&#xD;

Statistics:&#xD;
  Average: 0.00ms&#xD;
  P95: 0.00ms&#xD;
  Max: 0ms</StdOut>
      </Output>
    </UnitTestResult>
    <UnitTestResult executionId="7c6ece85-e51d-455a-95ca-2e4783fd53cc" testId="d43cc13b-f5c1-6202-229a-03fb2cad1e88" testName="FrontendUnitTests.Services.RouteVisualizationServiceTests.Memory_Dispose_ShouldReleaseAllResources" computerName="ILI" duration="00:00:00.0080533" startTime="2026-02-18T01:28:44.7817425-05:00" endTime="2026-02-18T01:28:44.7817426-05:00" testType="13cdc9d9-ddb5-4fa4-a97d-d965ccfc6d4b" outcome="Passed" testListId="8c84fa94-04c1-424b-9868-57a2d4851a1d" relativeResultsDirectory="7c6ece85-e51d-455a-95ca-2e4783fd53cc">
      <Output>
        <StdOut>Baseline memory: 1337 KB&#xD;
After 100 create/dispose cycles: 1310 KB&#xD;
Memory growth: -26 KB</StdOut>
      </Output>
    </UnitTestResult>
    <UnitTestResult executionId="de9f3adf-c554-4685-acef-7f470075a9c7" testId="f01657fc-8dc8-40b8-a602-14e5f99fb98b" testName="FrontendUnitTests.Services.RouteVisualizationServiceTests.Functional_HotZoneDetection_ShouldFindZonesInDirection" computerName="ILI" duration="00:00:00.0002450" startTime="2026-02-18T01:28:44.8048284-05:00" endTime="2026-02-18T01:28:44.8048291-05:00" testType="13cdc9d9-ddb5-4fa4-a97d-d965ccfc6d4b" outcome="Passed" testListId="8c84fa94-04c1-424b-9868-57a2d4851a1d" relativeResultsDirectory="de9f3adf-c554-4685-acef-7f470075a9c7" />
  </Results>
  <TestDefinitions>
    <UnitTest name="FrontendUnitTests.Services.RouteVisualizationServiceTests.EdgeCase_RapidEventSubscription_ShouldBeSafe" storage="c:\wowclassicgrindbot\frontendunittests\bin\debug\net10.0\frontendunittests.dll" id="790bab93-2727-4b65-7f1d-dc29d01242f7">
      <Execution id="e1ac56b2-8dd8-4628-9424-a95bafc59bac" />
      <TestMethod codeBase="C:\WowClassicGrindBot\FrontendUnitTests\bin\Debug\net10.0\FrontendUnitTests.dll" adapterTypeName="executor://xunit/VsTestRunner2/netcoreapp" className="FrontendUnitTests.Services.RouteVisualizationServiceTests" name="EdgeCase_RapidEventSubscription_ShouldBeSafe" />
    </UnitTest>
    <UnitTest name="FrontendUnitTests.Controllers.HazardDebugControllerTests.GetSnapshot_RespectsMaxAgeFilter" storage="c:\wowclassicgrindbot\frontendunittests\bin\debug\net10.0\frontendunittests.dll" id="ef97a723-b7eb-ef1b-a630-7a8184f802f9">
      <Execution id="b30d5895-caa2-4cd9-94a5-bc1da7f892c0" />
      <TestMethod codeBase="C:\WowClassicGrindBot\FrontendUnitTests\bin\Debug\net10.0\FrontendUnitTests.dll" adapterTypeName="executor://xunit/VsTestRunner2/netcoreapp" className="FrontendUnitTests.Controllers.HazardDebugControllerTests" name="GetSnapshot_RespectsMaxAgeFilter" />
    </UnitTest>
    <UnitTest name="FrontendUnitTests.Services.RouteVisualizationServiceTests.Functional_StuckEvent_ShouldTriggerHandler" storage="c:\wowclassicgrindbot\frontendunittests\bin\debug\net10.0\frontendunittests.dll" id="42c701ff-2213-9a97-61f5-04c3a93d9acc">
      <Execution id="31432922-53e3-4b11-97e2-4dc31bf1373e" />
      <TestMethod codeBase="C:\WowClassicGrindBot\FrontendUnitTests\bin\Debug\net10.0\FrontendUnitTests.dll" adapterTypeName="executor://xunit/VsTestRunner2/netcoreapp" className="FrontendUnitTests.Services.RouteVisualizationServiceTests" name="Functional_StuckEvent_ShouldTriggerHandler" />
    </UnitTest>
    <UnitTest name="FrontendUnitTests.Services.RouteVisualizationServiceTests.ThreadSafety_ConcurrentFlashUpdates_ShouldNotCorruptState" storage="c:\wowclassicgrindbot\frontendunittests\bin\debug\net10.0\frontendunittests.dll" id="0e90bf61-2469-7510-684f-5e24932035a8">
      <Execution id="70320ab5-a74f-4818-907e-4cb8b61aa950" />
      <TestMethod codeBase="C:\WowClassicGrindBot\FrontendUnitTests\bin\Debug\net10.0\FrontendUnitTests.dll" adapterTypeName="executor://xunit/VsTestRunner2/netcoreapp" className="FrontendUnitTests.Services.RouteVisualizationServiceTests" name="ThreadSafety_ConcurrentFlashUpdates_ShouldNotCorruptState" />
    </UnitTest>
    <UnitTest name="FrontendUnitTests.Services.RouteVisualizationServiceTests.EdgeCase_MaximumMarkers_ShouldHandleGracefully" storage="c:\wowclassicgrindbot\frontendunittests\bin\debug\net10.0\frontendunittests.dll" id="61242fd6-d19d-a986-4bb4-053d4d91af48">
      <Execution id="22a566a4-4896-4253-8636-793fdfe647b3" />
      <TestMethod codeBase="C:\WowClassicGrindBot\FrontendUnitTests\bin\Debug\net10.0\FrontendUnitTests.dll" adapterTypeName="executor://xunit/VsTestRunner2/netcoreapp" className="FrontendUnitTests.Services.RouteVisualizationServiceTests" name="EdgeCase_MaximumMarkers_ShouldHandleGracefully" />
    </UnitTest>
    <UnitTest name="FrontendUnitTests.Services.RouteVisualizationServiceTests.AutoReroute_ShouldNotFlagZonesBehindPlayer" storage="c:\wowclassicgrindbot\frontendunittests\bin\debug\net10.0\frontendunittests.dll" id="88274193-ada0-fa65-0936-953536ee3e9c">
      <Execution id="f6bf370c-53fb-4e9d-9279-7b2f66355a99" />
      <TestMethod codeBase="C:\WowClassicGrindBot\FrontendUnitTests\bin\Debug\net10.0\FrontendUnitTests.dll" adapterTypeName="executor://xunit/VsTestRunner2/netcoreapp" className="FrontendUnitTests.Services.RouteVisualizationServiceTests" name="AutoReroute_ShouldNotFlagZonesBehindPlayer" />
    </UnitTest>
    <UnitTest name="FrontendUnitTests.Services.RouteVisualizationServiceTests.Functional_Cleanup_ShouldRemoveOldMarkers" storage="c:\wowclassicgrindbot\frontendunittests\bin\debug\net10.0\frontendunittests.dll" id="1f107fdf-240a-1762-bcaa-56e2fbcbed97">
      <Execution id="b238492a-2aac-44e4-b201-c1c345bf4db8" />
      <TestMethod codeBase="C:\WowClassicGrindBot\FrontendUnitTests\bin\Debug\net10.0\FrontendUnitTests.dll" adapterTypeName="executor://xunit/VsTestRunner2/netcoreapp" className="FrontendUnitTests.Services.RouteVisualizationServiceTests" name="Functional_Cleanup_ShouldRemoveOldMarkers" />
    </UnitTest>
    <UnitTest name="FrontendUnitTests.Controllers.HazardDebugControllerTests.GetKnownMaps_ReturnsCounts" storage="c:\wowclassicgrindbot\frontendunittests\bin\debug\net10.0\frontendunittests.dll" id="a0e3ab31-2aa4-33e0-43a7-5579d273a32e">
      <Execution id="1618d301-b596-4f18-93b7-17025a53ac86" />
      <TestMethod codeBase="C:\WowClassicGrindBot\FrontendUnitTests\bin\Debug\net10.0\FrontendUnitTests.dll" adapterTypeName="executor://xunit/VsTestRunner2/netcoreapp" className="FrontendUnitTests.Controllers.HazardDebugControllerTests" name="GetKnownMaps_ReturnsCounts" />
    </UnitTest>
    <UnitTest name="FrontendUnitTests.Controllers.HazardDebugControllerTests.InjectAndCluster_WhenDebugModeEnabled_CreatesCluster" storage="c:\wowclassicgrindbot\frontendunittests\bin\debug\net10.0\frontendunittests.dll" id="aef7d8d4-84c1-eee3-0959-1b10cd3d44e3">
      <Execution id="4c2123fb-a801-4ee8-b141-ad014a412467" />
      <TestMethod codeBase="C:\WowClassicGrindBot\FrontendUnitTests\bin\Debug\net10.0\FrontendUnitTests.dll" adapterTypeName="executor://xunit/VsTestRunner2/netcoreapp" className="FrontendUnitTests.Controllers.HazardDebugControllerTests" name="InjectAndCluster_WhenDebugModeEnabled_CreatesCluster" />
    </UnitTest>
    <UnitTest name="FrontendUnitTests.Services.RouteVisualizationServiceTests.Functional_HotZoneDetection_ShouldFindZonesInDirection" storage="c:\wowclassicgrindbot\frontendunittests\bin\debug\net10.0\frontendunittests.dll" id="f01657fc-8dc8-40b8-a602-14e5f99fb98b">
      <Execution id="de9f3adf-c554-4685-acef-7f470075a9c7" />
      <TestMethod codeBase="C:\WowClassicGrindBot\FrontendUnitTests\bin\Debug\net10.0\FrontendUnitTests.dll" adapterTypeName="executor://xunit/VsTestRunner2/netcoreapp" className="FrontendUnitTests.Services.RouteVisualizationServiceTests" name="Functional_HotZoneDetection_ShouldFindZonesInDirection" />
    </UnitTest>
    <UnitTest name="FrontendUnitTests.Services.RouteVisualizationServiceTests.Performance_HotZoneQuery_ShouldBeFast" storage="c:\wowclassicgrindbot\frontendunittests\bin\debug\net10.0\frontendunittests.dll" id="b22aa6ce-6802-d1d6-5d2c-2c42390b3252">
      <Execution id="bf7603c2-3cbd-40fd-927d-23489d01a627" />
      <TestMethod codeBase="C:\WowClassicGrindBot\FrontendUnitTests\bin\Debug\net10.0\FrontendUnitTests.dll" adapterTypeName="executor://xunit/VsTestRunner2/netcoreapp" className="FrontendUnitTests.Services.RouteVisualizationServiceTests" name="Performance_HotZoneQuery_ShouldBeFast" />
    </UnitTest>
    <UnitTest name="FrontendUnitTests.Controllers.PathDebugControllerTests.Route_WhenDebugModeDisabled_Returns403" storage="c:\wowclassicgrindbot\frontendunittests\bin\debug\net10.0\frontendunittests.dll" id="af5ca2d8-074a-7583-346c-b2786bcab0a1">
      <Execution id="a98cc383-548d-4023-b6c8-0dfa5c7bce79" />
      <TestMethod codeBase="C:\WowClassicGrindBot\FrontendUnitTests\bin\Debug\net10.0\FrontendUnitTests.dll" adapterTypeName="executor://xunit/VsTestRunner2/netcoreapp" className="FrontendUnitTests.Controllers.PathDebugControllerTests" name="Route_WhenDebugModeDisabled_Returns403" />
    </UnitTest>
    <UnitTest name="FrontendUnitTests.Services.RouteVisualizationServiceTests.ThreadSafety_ConcurrentGridUpdates_ShouldBeAtomic" storage="c:\wowclassicgrindbot\frontendunittests\bin\debug\net10.0\frontendunittests.dll" id="1bd2bfd7-6c0e-0337-a1c8-d52dc5a8c57b">
      <Execution id="465d7bd9-8167-43b9-a3aa-060b0ff2ba06" />
      <TestMethod codeBase="C:\WowClassicGrindBot\FrontendUnitTests\bin\Debug\net10.0\FrontendUnitTests.dll" adapterTypeName="executor://xunit/VsTestRunner2/netcoreapp" className="FrontendUnitTests.Services.RouteVisualizationServiceTests" name="ThreadSafety_ConcurrentGridUpdates_ShouldBeAtomic" />
    </UnitTest>
    <UnitTest name="FrontendUnitTests.Services.RouteVisualizationServiceTests.ThreadSafety_DisposeDuringActiveOperations_ShouldBeSafe" storage="c:\wowclassicgrindbot\frontendunittests\bin\debug\net10.0\frontendunittests.dll" id="4f0b961d-1b75-191f-27b1-5513fd92ebc3">
      <Execution id="63c376ca-f89c-4153-8b3b-a3d85fdba09b" />
      <TestMethod codeBase="C:\WowClassicGrindBot\FrontendUnitTests\bin\Debug\net10.0\FrontendUnitTests.dll" adapterTypeName="executor://xunit/VsTestRunner2/netcoreapp" className="FrontendUnitTests.Services.RouteVisualizationServiceTests" name="ThreadSafety_DisposeDuringActiveOperations_ShouldBeSafe" />
    </UnitTest>
    <UnitTest name="FrontendUnitTests.Controllers.HazardDebugControllerTests.GetSnapshot_RespectsMaxEventsAndOrdering" storage="c:\wowclassicgrindbot\frontendunittests\bin\debug\net10.0\frontendunittests.dll" id="09a8e4c6-36a8-6ca7-c9f8-d0d3303efc44">
      <Execution id="652ec091-eff2-42bb-b334-249405fa1f54" />
      <TestMethod codeBase="C:\WowClassicGrindBot\FrontendUnitTests\bin\Debug\net10.0\FrontendUnitTests.dll" adapterTypeName="executor://xunit/VsTestRunner2/netcoreapp" className="FrontendUnitTests.Controllers.HazardDebugControllerTests" name="GetSnapshot_RespectsMaxEventsAndOrdering" />
    </UnitTest>
    <UnitTest name="FrontendUnitTests.Services.RouteVisualizationServiceTests.AutoReroute_ShouldDetectUpcomingHotZone" storage="c:\wowclassicgrindbot\frontendunittests\bin\debug\net10.0\frontendunittests.dll" id="2f86bfd4-1500-d69c-3d71-f2c01dfc738a">
      <Execution id="ff8a3e8d-9a24-47b0-bdd1-d6ade86c8f4b" />
      <TestMethod codeBase="C:\WowClassicGrindBot\FrontendUnitTests\bin\Debug\net10.0\FrontendUnitTests.dll" adapterTypeName="executor://xunit/VsTestRunner2/netcoreapp" className="FrontendUnitTests.Services.RouteVisualizationServiceTests" name="AutoReroute_ShouldDetectUpcomingHotZone" />
    </UnitTest>
    <UnitTest name="FrontendUnitTests.Services.RouteVisualizationServiceTests.Memory_ConcurrentOperations_ShouldBeStable" storage="c:\wowclassicgrindbot\frontendunittests\bin\debug\net10.0\frontendunittests.dll" id="f0913536-86a8-4174-fcde-9e3dc716a2c8">
      <Execution id="59c44f5f-a1d7-408b-ae20-6b8b6847097c" />
      <TestMethod codeBase="C:\WowClassicGrindBot\FrontendUnitTests\bin\Debug\net10.0\FrontendUnitTests.dll" adapterTypeName="executor://xunit/VsTestRunner2/netcoreapp" className="FrontendUnitTests.Services.RouteVisualizationServiceTests" name="Memory_ConcurrentOperations_ShouldBeStable" />
    </UnitTest>
    <UnitTest name="FrontendUnitTests.Services.RouteVisualizationServiceTests.Functional_DeathMarkers_ShouldPersist" storage="c:\wowclassicgrindbot\frontendunittests\bin\debug\net10.0\frontendunittests.dll" id="d8d11f12-77d8-1134-5980-3eb871b7bc1f">
      <Execution id="c98c72bc-8992-4f48-b08e-8681dc15f43e" />
      <TestMethod codeBase="C:\WowClassicGrindBot\FrontendUnitTests\bin\Debug\net10.0\FrontendUnitTests.dll" adapterTypeName="executor://xunit/VsTestRunner2/netcoreapp" className="FrontendUnitTests.Services.RouteVisualizationServiceTests" name="Functional_DeathMarkers_ShouldPersist" />
    </UnitTest>
    <UnitTest name="FrontendUnitTests.Services.RouteVisualizationServiceTests.Memory_Dispose_ShouldReleaseAllResources" storage="c:\wowclassicgrindbot\frontendunittests\bin\debug\net10.0\frontendunittests.dll" id="d43cc13b-f5c1-6202-229a-03fb2cad1e88">
      <Execution id="7c6ece85-e51d-455a-95ca-2e4783fd53cc" />
      <TestMethod codeBase="C:\WowClassicGrindBot\FrontendUnitTests\bin\Debug\net10.0\FrontendUnitTests.dll" adapterTypeName="executor://xunit/VsTestRunner2/netcoreapp" className="FrontendUnitTests.Services.RouteVisualizationServiceTests" name="Memory_Dispose_ShouldReleaseAllResources" />
    </UnitTest>
    <UnitTest name="FrontendUnitTests.Controllers.HazardDebugControllerTests.InjectEvents_WhenDebugModeDisabled_ReturnsForbid" storage="c:\wowclassicgrindbot\frontendunittests\bin\debug\net10.0\frontendunittests.dll" id="ecdc9ac4-3bf9-42d5-db13-8f7256dbe812">
      <Execution id="9d24510e-5f1c-48ae-871c-7b7c40679299" />
      <TestMethod codeBase="C:\WowClassicGrindBot\FrontendUnitTests\bin\Debug\net10.0\FrontendUnitTests.dll" adapterTypeName="executor://xunit/VsTestRunner2/netcoreapp" className="FrontendUnitTests.Controllers.HazardDebugControllerTests" name="InjectEvents_WhenDebugModeDisabled_ReturnsForbid" />
    </UnitTest>
    <UnitTest name="FrontendUnitTests.Services.RouteVisualizationServiceTests.Performance_ConcurrentAccess_ShouldMaintainThroughput" storage="c:\wowclassicgrindbot\frontendunittests\bin\debug\net10.0\frontendunittests.dll" id="8f8e7948-0ff9-702a-4d8f-7f2f2e8ad507">
      <Execution id="04689160-9ef2-4a09-8eb6-5b2458bebaff" />
      <TestMethod codeBase="C:\WowClassicGrindBot\FrontendUnitTests\bin\Debug\net10.0\FrontendUnitTests.dll" adapterTypeName="executor://xunit/VsTestRunner2/netcoreapp" className="FrontendUnitTests.Services.RouteVisualizationServiceTests" name="Performance_ConcurrentAccess_ShouldMaintainThroughput" />
    </UnitTest>
    <UnitTest name="FrontendUnitTests.Services.RouteVisualizationServiceTests.Memory_Leak_StuckMarkers_ShouldNotGrowUnbounded" storage="c:\wowclassicgrindbot\frontendunittests\bin\debug\net10.0\frontendunittests.dll" id="3a204b80-2a87-9a2d-2a40-5b0bcdf932da">
      <Execution id="57a96cd8-5371-40ec-a8ec-290e21e7e0d5" />
      <TestMethod codeBase="C:\WowClassicGrindBot\FrontendUnitTests\bin\Debug\net10.0\FrontendUnitTests.dll" adapterTypeName="executor://xunit/VsTestRunner2/netcoreapp" className="FrontendUnitTests.Services.RouteVisualizationServiceTests" name="Memory_Leak_StuckMarkers_ShouldNotGrowUnbounded" />
    </UnitTest>
    <UnitTest name="FrontendUnitTests.Services.RouteVisualizationServiceTests.Performance_StuckMarkerCreation_LatencyShouldBeUnderThreshold" storage="c:\wowclassicgrindbot\frontendunittests\bin\debug\net10.0\frontendunittests.dll" id="f97c051a-8741-491d-1f1f-93c36532d257">
      <Execution id="cbd0e9f8-173b-4eb9-90e7-c580d33cc1f3" />
      <TestMethod codeBase="C:\WowClassicGrindBot\FrontendUnitTests\bin\Debug\net10.0\FrontendUnitTests.dll" adapterTypeName="executor://xunit/VsTestRunner2/netcoreapp" className="FrontendUnitTests.Services.RouteVisualizationServiceTests" name="Performance_StuckMarkerCreation_LatencyShouldBeUnderThreshold" />
    </UnitTest>
    <UnitTest name="FrontendUnitTests.Controllers.PathDebugControllerTests.Compare_WhenDebugModeDisabled_Returns403" storage="c:\wowclassicgrindbot\frontendunittests\bin\debug\net10.0\frontendunittests.dll" id="0d4a9432-edd0-4362-09f6-fdbd942e6814">
      <Execution id="28c349ee-95c2-49ab-bcc4-f510c65a1714" />
      <TestMethod codeBase="C:\WowClassicGrindBot\FrontendUnitTests\bin\Debug\net10.0\FrontendUnitTests.dll" adapterTypeName="executor://xunit/VsTestRunner2/netcoreapp" className="FrontendUnitTests.Controllers.PathDebugControllerTests" name="Compare_WhenDebugModeDisabled_Returns403" />
    </UnitTest>
    <UnitTest name="FrontendUnitTests.Services.RouteVisualizationServiceTests.ThreadSafety_ConcurrentAddRemove_ShouldBeSafe" storage="c:\wowclassicgrindbot\frontendunittests\bin\debug\net10.0\frontendunittests.dll" id="119f88b7-7af2-768f-2cac-3a1e32278430">
      <Execution id="7d6d9815-2b48-48c8-8d1e-2bebbd3a559e" />
      <TestMethod codeBase="C:\WowClassicGrindBot\FrontendUnitTests\bin\Debug\net10.0\FrontendUnitTests.dll" adapterTypeName="executor://xunit/VsTestRunner2/netcoreapp" className="FrontendUnitTests.Services.RouteVisualizationServiceTests" name="ThreadSafety_ConcurrentAddRemove_ShouldBeSafe" />
    </UnitTest>
    <UnitTest name="FrontendUnitTests.Services.RouteVisualizationServiceTests.EdgeCase_LargeCoordinates_ShouldNotOverflow" storage="c:\wowclassicgrindbot\frontendunittests\bin\debug\net10.0\frontendunittests.dll" id="3ea0fb5e-5945-1173-c803-bca00261f95e">
      <Execution id="89022ab0-ac4c-4845-98c5-24fe17ba1d65" />
      <TestMethod codeBase="C:\WowClassicGrindBot\FrontendUnitTests\bin\Debug\net10.0\FrontendUnitTests.dll" adapterTypeName="executor://xunit/VsTestRunner2/netcoreapp" className="FrontendUnitTests.Services.RouteVisualizationServiceTests" name="EdgeCase_LargeCoordinates_ShouldNotOverflow" />
    </UnitTest>
  </TestDefinitions>
  <TestEntries>
    <TestEntry testId="ecdc9ac4-3bf9-42d5-db13-8f7256dbe812" executionId="9d24510e-5f1c-48ae-871c-7b7c40679299" testListId="8c84fa94-04c1-424b-9868-57a2d4851a1d" />
    <TestEntry testId="09a8e4c6-36a8-6ca7-c9f8-d0d3303efc44" executionId="652ec091-eff2-42bb-b334-249405fa1f54" testListId="8c84fa94-04c1-424b-9868-57a2d4851a1d" />
    <TestEntry testId="2f86bfd4-1500-d69c-3d71-f2c01dfc738a" executionId="ff8a3e8d-9a24-47b0-bdd1-d6ade86c8f4b" testListId="8c84fa94-04c1-424b-9868-57a2d4851a1d" />
    <TestEntry testId="3a204b80-2a87-9a2d-2a40-5b0bcdf932da" executionId="57a96cd8-5371-40ec-a8ec-290e21e7e0d5" testListId="8c84fa94-04c1-424b-9868-57a2d4851a1d" />
    <TestEntry testId="790bab93-2727-4b65-7f1d-dc29d01242f7" executionId="e1ac56b2-8dd8-4628-9424-a95bafc59bac" testListId="8c84fa94-04c1-424b-9868-57a2d4851a1d" />
    <TestEntry testId="61242fd6-d19d-a986-4bb4-053d4d91af48" executionId="22a566a4-4896-4253-8636-793fdfe647b3" testListId="8c84fa94-04c1-424b-9868-57a2d4851a1d" />
    <TestEntry testId="d8d11f12-77d8-1134-5980-3eb871b7bc1f" executionId="c98c72bc-8992-4f48-b08e-8681dc15f43e" testListId="8c84fa94-04c1-424b-9868-57a2d4851a1d" />
    <TestEntry testId="f0913536-86a8-4174-fcde-9e3dc716a2c8" executionId="59c44f5f-a1d7-408b-ae20-6b8b6847097c" testListId="8c84fa94-04c1-424b-9868-57a2d4851a1d" />
    <TestEntry testId="88274193-ada0-fa65-0936-953536ee3e9c" executionId="f6bf370c-53fb-4e9d-9279-7b2f66355a99" testListId="8c84fa94-04c1-424b-9868-57a2d4851a1d" />
    <TestEntry testId="0d4a9432-edd0-4362-09f6-fdbd942e6814" executionId="28c349ee-95c2-49ab-bcc4-f510c65a1714" testListId="8c84fa94-04c1-424b-9868-57a2d4851a1d" />
    <TestEntry testId="a0e3ab31-2aa4-33e0-43a7-5579d273a32e" executionId="1618d301-b596-4f18-93b7-17025a53ac86" testListId="8c84fa94-04c1-424b-9868-57a2d4851a1d" />
    <TestEntry testId="1f107fdf-240a-1762-bcaa-56e2fbcbed97" executionId="b238492a-2aac-44e4-b201-c1c345bf4db8" testListId="8c84fa94-04c1-424b-9868-57a2d4851a1d" />
    <TestEntry testId="3ea0fb5e-5945-1173-c803-bca00261f95e" executionId="89022ab0-ac4c-4845-98c5-24fe17ba1d65" testListId="8c84fa94-04c1-424b-9868-57a2d4851a1d" />
    <TestEntry testId="42c701ff-2213-9a97-61f5-04c3a93d9acc" executionId="31432922-53e3-4b11-97e2-4dc31bf1373e" testListId="8c84fa94-04c1-424b-9868-57a2d4851a1d" />
    <TestEntry testId="8f8e7948-0ff9-702a-4d8f-7f2f2e8ad507" executionId="04689160-9ef2-4a09-8eb6-5b2458bebaff" testListId="8c84fa94-04c1-424b-9868-57a2d4851a1d" />
    <TestEntry testId="119f88b7-7af2-768f-2cac-3a1e32278430" executionId="7d6d9815-2b48-48c8-8d1e-2bebbd3a559e" testListId="8c84fa94-04c1-424b-9868-57a2d4851a1d" />
    <TestEntry testId="ef97a723-b7eb-ef1b-a630-7a8184f802f9" executionId="b30d5895-caa2-4cd9-94a5-bc1da7f892c0" testListId="8c84fa94-04c1-424b-9868-57a2d4851a1d" />
    <TestEntry testId="b22aa6ce-6802-d1d6-5d2c-2c42390b3252" executionId="bf7603c2-3cbd-40fd-927d-23489d01a627" testListId="8c84fa94-04c1-424b-9868-57a2d4851a1d" />
    <TestEntry testId="4f0b961d-1b75-191f-27b1-5513fd92ebc3" executionId="63c376ca-f89c-4153-8b3b-a3d85fdba09b" testListId="8c84fa94-04c1-424b-9868-57a2d4851a1d" />
    <TestEntry testId="af5ca2d8-074a-7583-346c-b2786bcab0a1" executionId="a98cc383-548d-4023-b6c8-0dfa5c7bce79" testListId="8c84fa94-04c1-424b-9868-57a2d4851a1d" />
    <TestEntry testId="aef7d8d4-84c1-eee3-0959-1b10cd3d44e3" executionId="4c2123fb-a801-4ee8-b141-ad014a412467" testListId="8c84fa94-04c1-424b-9868-57a2d4851a1d" />
    <TestEntry testId="1bd2bfd7-6c0e-0337-a1c8-d52dc5a8c57b" executionId="465d7bd9-8167-43b9-a3aa-060b0ff2ba06" testListId="8c84fa94-04c1-424b-9868-57a2d4851a1d" />
    <TestEntry testId="0e90bf61-2469-7510-684f-5e24932035a8" executionId="70320ab5-a74f-4818-907e-4cb8b61aa950" testListId="8c84fa94-04c1-424b-9868-57a2d4851a1d" />
    <TestEntry testId="f97c051a-8741-491d-1f1f-93c36532d257" executionId="cbd0e9f8-173b-4eb9-90e7-c580d33cc1f3" testListId="8c84fa94-04c1-424b-9868-57a2d4851a1d" />
    <TestEntry testId="d43cc13b-f5c1-6202-229a-03fb2cad1e88" executionId="7c6ece85-e51d-455a-95ca-2e4783fd53cc" testListId="8c84fa94-04c1-424b-9868-57a2d4851a1d" />
    <TestEntry testId="f01657fc-8dc8-40b8-a602-14e5f99fb98b" executionId="de9f3adf-c554-4685-acef-7f470075a9c7" testListId="8c84fa94-04c1-424b-9868-57a2d4851a1d" />
  </TestEntries>
  <TestLists>
    <TestList name="Results Not in a List" id="8c84fa94-04c1-424b-9868-57a2d4851a1d" />
    <TestList name="All Loaded Results" id="19431567-8539-422a-85d7-44ee4e166bda" />
  </TestLists>
  <ResultSummary outcome="Completed">
    <Counters total="26" executed="26" passed="26" failed="0" error="0" timeout="0" aborted="0" inconclusive="0" passedButRunAborted="0" notRunnable="0" notExecuted="0" disconnected="0" warning="0" completed="0" inProgress="0" pending="0" />
    <Output>
      <StdOut>[xUnit.net 00:00:00.00] xUnit.net VSTest Adapter v2.5.7+8f2703126a (64-bit .NET 10.0.2)&#xD;
[xUnit.net 00:00:00.05]   Discovering: FrontendUnitTests&#xD;
[xUnit.net 00:00:00.08]   Discovered:  FrontendUnitTests&#xD;
[xUnit.net 00:00:00.09]   Starting:    FrontendUnitTests&#xD;
[xUnit.net 00:00:01.48]   Finished:    FrontendUnitTests&#xD;
</StdOut>
    </Output>
  </ResultSummary>
</TestRun>